// Jest Snapshot v1, https://goo.gl/fbAQLP

exports[`Pruebas a GifGrid Debe Mostrarse GifGrid Correctamente 1`] = `
<Fragment>
  <h3>
    One Punch
  </h3>
  <p>
    Loading....
  </p>
  <div
    className="card-grid"
  />
</Fragment>
`;
